// Jest Snapshot v1, https://goo.gl/fbAQLP

exports[`validationMesssage should should produce a valid message 1`] = `"Feld 'Vorname' ist ein Pflichtfeld."`;
