// Jest Snapshot v1, https://goo.gl/fbAQLP

exports[`stringProducer should prepend the given string 1`] = `"myStringReactjs"`;
